// Jest Snapshot v1, https://goo.gl/fbAQLP

exports[`EmailDialog should render correctly 1`] = `
<div
  aria-hidden="true"
/>
`;
